`torch_dtype` is deprecated! Use `dtype` instead!
Loading checkpoint shards:   0%|          | 0/4 [00:00<?, ?it/s]Loading checkpoint shards:  25%|██▌       | 1/4 [00:01<00:05,  1.90s/it]Loading checkpoint shards:  50%|█████     | 2/4 [00:03<00:03,  1.76s/it]Loading checkpoint shards:  75%|███████▌  | 3/4 [00:05<00:01,  1.63s/it]Loading checkpoint shards: 100%|██████████| 4/4 [00:05<00:00,  1.36s/it]Loading checkpoint shards: 100%|██████████| 4/4 [00:05<00:00,  1.50s/it]
extracted 32/2061 elapsed=13.3s
extracted 352/2061 elapsed=14.8s
extracted 672/2061 elapsed=16.1s
extracted 992/2061 elapsed=17.5s
extracted 1312/2061 elapsed=18.7s
extracted 1632/2061 elapsed=20.0s
extracted 1952/2061 elapsed=21.3s
{
  "seconds": 36.1234393119812,
  "gpu": "NVIDIA B300 SXM6 AC",
  "peak_gpu_gb": 28.862162944,
  "python": "3.12.3",
  "versions": {
    "torch": "2.11.0+cu128",
    "transformers": "4.57.6",
    "numpy": "2.3.5",
    "scipy": "1.18.1",
    "scikit-learn": "1.9.1",
    "matplotlib": "3.11.2"
  },
  "data_sha256": "0c6aa16574bfad02baa248064bf1a0a345c8e22514d57c4f81ac0f9b39abbf35"
}
