Fontconfig error: No writable cache directories
[
  {
    "split": "iid",
    "variant": "canonical",
    "n": 24,
    "clusters": 22,
    "mse_difference": -0.6514850352749189,
    "difference_ci_low": -1.0863692503808597,
    "difference_ci_high": -0.3090883410387326,
    "improvement_over_shift": 0.7206875150037807,
    "improvement_ci_low": 0.46017754897485874,
    "improvement_ci_high": 0.9427110208581878,
    "recall_difference": 0.0,
    "recall_ci_low": 0.0,
    "recall_ci_high": 0.0
  },
  {
    "split": "iid",
    "variant": "paraphrase",
    "n": 24,
    "clusters": 22,
    "mse_difference": -0.6289687008595626,
    "difference_ci_low": -1.0480127622432593,
    "difference_ci_high": -0.300416618924666,
    "improvement_over_shift": 0.6808374224962045,
    "improvement_ci_low": 0.43004323231409947,
    "improvement_ci_high": 0.8977521057673167,
    "recall_difference": 0.40277777777777773,
    "recall_ci_low": 0.24627799736495387,
    "recall_ci_high": 0.5555555555555556
  },
  {
    "split": "topic",
    "variant": "canonical",
    "n": 96,
    "clusters": 24,
    "mse_difference": -0.933945228659975,
    "difference_ci_low": -1.3562773670714237,
    "difference_ci_high": -0.6109597189232524,
    "improvement_over_shift": 0.7715377648547894,
    "improvement_ci_low": 0.6654679015137578,
    "improvement_ci_high": 0.9381891786143428,
    "recall_difference": 0.0,
    "recall_ci_low": 0.0,
    "recall_ci_high": 0.0
  },
  {
    "split": "topic",
    "variant": "paraphrase",
    "n": 96,
    "clusters": 24,
    "mse_difference": -0.9109071025061326,
    "difference_ci_low": -1.330663761716052,
    "difference_ci_high": -0.5941603799212133,
    "improvement_over_shift": 0.7410629524432233,
    "improvement_ci_low": 0.6377966909570947,
    "improvement_ci_high": 0.9002866868976337,
    "recall_difference": 0.2222222222222222,
    "recall_ci_low": 0.12847222222222224,
    "recall_ci_high": 0.31944444444444436
  },
  {
    "split": "template",
    "variant": "canonical",
    "n": 24,
    "clusters": 23,
    "mse_difference": -0.5338831874401945,
    "difference_ci_low": -1.0266799986823318,
    "difference_ci_high": -0.2174760377116246,
    "improvement_over_shift": 0.8467808757693652,
    "improvement_ci_low": 0.7709892358005868,
    "improvement_ci_high": 0.879048006550708,
    "recall_difference": 0.0,
    "recall_ci_low": 0.0,
    "recall_ci_high": 0.0
  },
  {
    "split": "template",
    "variant": "paraphrase",
    "n": 24,
    "clusters": 23,
    "mse_difference": 1.4756089119211744,
    "difference_ci_low": 0.8468429310493771,
    "difference_ci_high": 2.055835652272563,
    "improvement_over_shift": -0.3047952869327313,
    "improvement_ci_low": -0.6508439528477526,
    "improvement_ci_high": -0.1349737336280244,
    "recall_difference": 0.16666666666666666,
    "recall_ci_low": 0.043478260869565216,
    "recall_ci_high": 0.30666666666666664
  },
  {
    "split": "expression",
    "variant": "canonical",
    "n": 24,
    "clusters": 21,
    "mse_difference": 0.10019298180338865,
    "difference_ci_low": -6.280426853509718,
    "difference_ci_high": 7.934391348505564,
    "improvement_over_shift": -0.001206498106102627,
    "improvement_ci_low": -0.08249524890019358,
    "improvement_ci_high": 0.08671027524111986,
    "recall_difference": 0.0,
    "recall_ci_low": 0.0,
    "recall_ci_high": 0.0
  },
  {
    "split": "expression",
    "variant": "paraphrase",
    "n": 24,
    "clusters": 21,
    "mse_difference": -0.1996065506083653,
    "difference_ci_low": -7.6975239989129935,
    "difference_ci_high": 9.061293026447736,
    "improvement_over_shift": 0.0016080135793892225,
    "improvement_ci_low": -0.06322459760394641,
    "improvement_ci_high": 0.07105671885611733,
    "recall_difference": 0.0,
    "recall_ci_low": 0.0,
    "recall_ci_high": 0.0
  },
  {
    "split": "joint",
    "variant": "canonical",
    "n": 96,
    "clusters": 24,
    "mse_difference": -4.842794340256518,
    "difference_ci_low": -7.038653553546929,
    "difference_ci_high": -2.63988643130721,
    "improvement_over_shift": 0.06241098252769206,
    "improvement_ci_low": 0.0330368676812232,
    "improvement_ci_high": 0.09416244586131063,
    "recall_difference": 0.0,
    "recall_ci_low": 0.0,
    "recall_ci_high": 0.0
  },
  {
    "split": "joint",
    "variant": "paraphrase",
    "n": 96,
    "clusters": 24,
    "mse_difference": -6.67715021172117,
    "difference_ci_low": -9.465862232561793,
    "difference_ci_high": -3.4973104793558143,
    "improvement_over_shift": 0.071860254387066,
    "improvement_ci_low": 0.03514994514761379,
    "improvement_ci_high": 0.10971285259300552,
    "recall_difference": 0.0,
    "recall_ci_low": 0.0,
    "recall_ci_high": 0.0
  }
]
